
Alex Burghiu@UX310UQK MINGW64 ~
$ g--visual
bash: g--visual: command not found

Alex Burghiu@UX310UQK MINGW64 ~
$ git--visual
bash: git--visual: command not found

Alex Burghiu@UX310UQK MINGW64 ~
$ g--visual
bash: g--visual: command not found

Alex Burghiu@UX310UQK MINGW64 ~
$ git--version
bash: git--version: command not found

Alex Burghiu@UX310UQK MINGW64 ~
$ git --version
git version 2.27.0.windows.1

Alex Burghiu@UX310UQK MINGW64 ~
$ git --help
usage: git [--version] [--help] [-C <path>] [-c <name>=<value>]
           [--exec-path[=<path>]] [--html-path] [--man-path] [--info-path]
           [-p | --paginate | -P | --no-pager] [--no-replace-objects] [--bare]
           [--git-dir=<path>] [--work-tree=<path>] [--namespace=<name>]
           <command> [<args>]

These are common Git commands used in various situations:

start a working area (see also: git help tutorial)
   clone             Clone a repository into a new directory
   init              Create an empty Git repository or reinitialize an existing one

work on the current change (see also: git help everyday)
   add               Add file contents to the index
   mv                Move or rename a file, a directory, or a symlink
   restore           Restore working tree files
   rm                Remove files from the working tree and from the index
   sparse-checkout   Initialize and modify the sparse-checkout

examine the history and state (see also: git help revisions)
   bisect            Use binary search to find the commit that introduced a bug
   diff              Show changes between commits, commit and working tree, etc
   grep              Print lines matching a pattern
   log               Show commit logs
   show              Show various types of objects

Alex Burghiu@UX310UQK MINGW64 ~
$ git config --global use.name "Bianca Stana"

Alex Burghiu@UX310UQK MINGW64 ~
$ git config --global user.name "Bianca Stana:
> git config --global user.email "stanabianca.e94@gmail.com"
> ^C

Alex Burghiu@UX310UQK MINGW64 ~
$ git config --global user.name "Bianca Stana:
git config --global user.email "stanabianca.e94@gmail.com"
> ^C

Alex Burghiu@UX310UQK MINGW64 ~
$ git config --global user.name "Bianca Stana"

Alex Burghiu@UX310UQK MINGW64 ~
$ git config --global user.email "stanabianca.e94@gmail.com"

Alex Burghiu@UX310UQK MINGW64 ~
$ git config --global --list
use.name=Bianca Stana
user.name=Bianca Stana
user.email=stanabianca.e94@gmail.com

Alex Burghiu@UX310UQK MINGW64 ~
$ git clone
fatal: You must specify a repository to clone.

usage: git clone [<options>] [--] <repo> [<dir>]

    -v, --verbose         be more verbose
    -q, --quiet           be more quiet
    --progress            force progress reporting
    -n, --no-checkout     don't create a checkout
    --bare                create a bare repository
    --mirror              create a mirror repository (implies bare)
    -l, --local           to clone from a local repository
    --no-hardlinks        don't use local hardlinks, always copy
    -s, --shared          setup as shared repository
    --recurse-submodules[=<pathspec>]
                          initialize submodules in the clone
    --recursive ...       alias of --recurse-submodules
    -j, --jobs <n>        number of submodules cloned in parallel
    --template <template-directory>
                          directory from which templates will be used
    --reference <repo>    reference repository
    --reference-if-able <repo>
                          reference repository
    --dissociate          use --reference only while cloning
    -o, --origin <name>   use <name> instead of 'origin' to track upstream
    -b, --branch <branch>
                          checkout <branch> instead of the remote's HEAD
    -u, --upload-pack <path>
                          path to git-upload-pack on the remote
    --depth <depth>       create a shallow clone of that depth
    --shallow-since <time>
                          create a shallow clone since a specific time
    --shallow-exclude <revision>
                          deepen history of shallow clone, excluding rev
    --single-branch       clone only one branch, HEAD or --branch
    --no-tags             don't clone any tags, and make later fetches not to follow them
    --shallow-submodules  any cloned submodules will be shallow
    --separate-git-dir <gitdir>
                          separate git dir from working tree
    -c, --config <key=value>
                          set config inside the new repository
    --server-option <server-specific>
                          option to transmit
    -4, --ipv4            use IPv4 addresses only
    -6, --ipv6            use IPv6 addresses only
    --filter <args>       object filtering
    --remote-submodules   any cloned submodules will use their remote-tracking branch
    --sparse              initialize sparse-checkout file to include only files at root


Alex Burghiu@UX310UQK MINGW64 ~
$ Alex Burghiu@UX310UQK MINGW64 ~
bash: Alex: command not found

Alex Burghiu@UX310UQK MINGW64 ~
$ git clone https://github.com/biancastana20/WebDev11.git
Cloning into 'WebDev11'...
warning: You appear to have cloned an empty repository.

Alex Burghiu@UX310UQK MINGW64 ~
$ cd WebDev11/

Alex Burghiu@UX310UQK MINGW64 ~/WebDev11 (master)
$ git status
On branch master

No commits yet

nothing to commit (create/copy files and use "git add" to track)

Alex Burghiu@UX310UQK MINGW64 ~/WebDev11 (master)
$ git add my .git/
fatal: pathspec 'my' did not match any files

Alex Burghiu@UX310UQK MINGW64 ~/WebDev11 (master)
$ git add my .git/
fatal: pathspec 'my' did not match any files

Alex Burghiu@UX310UQK MINGW64 ~/WebDev11 (master)
$ git commit -m "myfirstcommit"
On branch master

Initial commit

nothing to commit (create/copy files and use "git add" to track)

Alex Burghiu@UX310UQK MINGW64 ~/WebDev11 (master)
$ git push
error: src refspec refs/heads/master does not match any
error: failed to push some refs to 'https://github.com/biancastana20/WebDev11.git'

Alex Burghiu@UX310UQK MINGW64 ~/WebDev11 (master)
$ ls

Alex Burghiu@UX310UQK MINGW64 ~/WebDev11 (master)
$ cd /E

Alex Burghiu@UX310UQK MINGW64 /E
$ git clone https://github.com/biancastana20/WebDev11.git
Cloning into 'WebDev11'...
warning: You appear to have cloned an empty repository.

Alex Burghiu@UX310UQK MINGW64 /E
$ cd WebDev11/

Alex Burghiu@UX310UQK MINGW64 /E/WebDev11 (master)
$ git add first.txt

Alex Burghiu@UX310UQK MINGW64 /E/WebDev11 (master)
$ git commit -m "myfirstcommit"
[master (root-commit) 92dd6d1] myfirstcommit
 1 file changed, 1 insertion(+)
 create mode 100644 first.txt

Alex Burghiu@UX310UQK MINGW64 /E/WebDev11 (master)
$ git push
Logon failed, use ctrl+c to cancel basic credential prompt.
remote: Invalid username or password.
fatal: Authentication failed for 'https://github.com/biancastana20/WebDev11.git/'

Alex Burghiu@UX310UQK MINGW64 /E/WebDev11 (master)
error: unable to read askpass response from 'C:/Program Files/Git/mingw64/libexec/git-core/git-gui--askpass'
Password for 'https://github.com':
remote: No anonymous write access.
fatal: Authentication failed for 'https://github.com/biancastana20/WebDev11.git/'

Alex Burghiu@UX310UQK MINGW64 /E/WebDev11 (master)
$ git push
Enumerating objects: 3, done.
Counting objects: 100% (3/3), done.
Writing objects: 100% (3/3), 222 bytes | 222.00 KiB/s, done.
Total 3 (delta 0), reused 0 (delta 0), pack-reused 0
To https://github.com/biancastana20/WebDev11.git
 * [new branch]      master -> master

Alex Burghiu@UX310UQK MINGW64 /E/WebDev11 (master)
$ git push
Everything up-to-date

Alex Burghiu@UX310UQK MINGW64 /E/WebDev11 (master)
$ git pushit push
git: 'pushit' is not a git command. See 'git --help'.

Alex Burghiu@UX310UQK MINGW64 /E/WebDev11 (master)
$ git push
Everything up-to-date

Alex Burghiu@UX310UQK MINGW64 /E/WebDev11 (master)
$ ls
first.txt

Alex Burghiu@UX310UQK MINGW64 /E/WebDev11 (master)
$ git clone https://github.com/biancastana20/WebDev11.git
Cloning into 'WebDev11'...
remote: Enumerating objects: 3, done.
remote: Counting objects: 100% (3/3), done.
remote: Total 3 (delta 0), reused 3 (delta 0), pack-reused 0
Unpacking objects: 100% (3/3), 202 bytes | 16.00 KiB/s, done.

Alex Burghiu@UX310UQK MINGW64 /E/WebDev11 (master)
$ pwd
/E/WebDev11

Alex Burghiu@UX310UQK MINGW64 /E/WebDev11 (master)
$ ls
first.txt

Alex Burghiu@UX310UQK MINGW64 /E/WebDev11 (master)
$ mkdir Session1 - Web Introduction

Alex Burghiu@UX310UQK MINGW64 /E/WebDev11 (master)
$ ls
-/  first.txt  Introduction/  Session1/  Web/

Alex Burghiu@UX310UQK MINGW64 /E/WebDev11 (master)
$ ls
first.txt  Session1/

Alex Burghiu@UX310UQK MINGW64 /E/WebDev11
$ mkdir Session1WebIntroduction

Alex Burghiu@UX310UQK MINGW64 /E/WebDev11
$ ls
first.txt  Session1/  Session1WebIntroduction/

Alex Burghiu@UX310UQK MINGW64 /E/WebDev11
$ mkdir Session1 WebIntroduction

Alex Burghiu@UX310UQK MINGW64 /E/WebDev11
$ touch index.html

Alex Burghiu@UX310UQK MINGW64 /E/WebDev11 (master)
$ cd /e

Alex Burghiu@UX310UQK MINGW64 /e
$ cd WebDev11/

Alex Burghiu@UX310UQK MINGW64 /e/WebDev11 (master)
$ cd Session1WebIntroduction/

Alex Burghiu@UX310UQK MINGW64 /e/WebDev11/Session1WebIntroduction (master)
$ touch index.html

Alex Burghiu@UX310UQK MINGW64 /e/WebDev11/Session1WebIntroduction (master)
$ git rm --cached index.html
fatal: pathspec 'index.html' did not match any files

Alex Burghiu@UX310UQK MINGW64 /e/WebDev11/Session1WebIntroduction (master)
$ git add index.js
fatal: pathspec 'index.js' did not match any files

Alex Burghiu@UX310UQK MINGW64 /e/WebDev11/Session1WebIntroduction (master)
$ git add index.html

Alex Burghiu@UX310UQK MINGW64 /e/WebDev11/Session1WebIntroduction (master)
$ git add index.html

Alex Burghiu@UX310UQK MINGW64 /e/WebDev11/Session1WebIntroduction (master)
$ ls

Alex Burghiu@UX310UQK MINGW64 /e/WebDev11/Session1WebIntroduction (master)
$ ls
Stana_Bianca_Homework1_WWW_lifecycle.pdf

Alex Burghiu@UX310UQK MINGW64 /e/WebDev11/Session1WebIntroduction (master)
$ git add index.html
fatal: pathspec 'index.html' did not match any files

Alex Burghiu@UX310UQK MINGW64 /e/WebDev11/Session1WebIntroduction (master)
$ touch index.html

Alex Burghiu@UX310UQK MINGW64 /e/WebDev11/Session1WebIntroduction (master)
$ ls
index.html  Stana_Bianca_Homework1_WWW_lifecycle.pdf

Alex Burghiu@UX310UQK MINGW64 /e/WebDev11/Session1WebIntroduction (master)
$ git rm --cached index.html
fatal: pathspec 'index.html' did not match any files

Alex Burghiu@UX310UQK MINGW64 /e/WebDev11/Session1WebIntroduction (master)
$ ls
index.html  Stana_Bianca_Homework1_WWW_lifecycle.pdf

Alex Burghiu@UX310UQK MINGW64 /e/WebDev11/Session1WebIntroduction (master)
$ git add Stana_Bianca_Homework1_WWW_lifecycle.pdf

Alex Burghiu@UX310UQK MINGW64 /e/WebDev11/Session1WebIntroduction (master)
$ git commit -m "Tema1"
[master a9f15ff] Tema1
 1 file changed, 0 insertions(+), 0 deletions(-)
 create mode 100644 Session1WebIntroduction/Stana_Bianca_Homework1_WWW_lifecycle.pdf

Alex Burghiu@UX310UQK MINGW64 /e/WebDev11/Session1WebIntroduction (master)
$ git push
Enumerating objects: 5, done.
Counting objects: 100% (5/5), done.
Delta compression using up to 4 threads
Compressing objects: 100% (4/4), done.
Writing objects: 100% (4/4), 55.26 KiB | 18.42 MiB/s, done.
Total 4 (delta 0), reused 0 (delta 0), pack-reused 0
To https://github.com/biancastana20/WebDev11.git
   92dd6d1..a9f15ff  master -> master

Alex Burghiu@UX310UQK MINGW64 /e/WebDev11/Session1WebIntroduction (master)
$ pwd
/e/WebDev11/Session1WebIntroduction

Alex Burghiu@UX310UQK MINGW64 /e/WebDev11/Session1WebIntroduction (master)
$ c /e
bash: c: command not found

Alex Burghiu@UX310UQK MINGW64 /e/WebDev11/Session1WebIntroduction (master)
$ pwd
/e/WebDev11/Session1WebIntroduction

Alex Burghiu@UX310UQK MINGW64 /e/WebDev11/Session1WebIntroduction (master)
$ cd e/
bash: cd: e/: No such file or directory

Alex Burghiu@UX310UQK MINGW64 /e/WebDev11/Session1WebIntroduction (master)
$ ls
Stana_Bianca_Homework1_WWW_lifecycle.pdf

Alex Burghiu@UX310UQK MINGW64 /e/WebDev11/Session1WebIntroduction (master)
$ cd E/
bash: cd: E/: No such file or directory

Alex Burghiu@UX310UQK MINGW64 /e/WebDev11/Session1WebIntroduction (master)
$ git add firts.txt
fatal: pathspec 'firts.txt' did not match any files

Alex Burghiu@UX310UQK MINGW64 /e/WebDev11/Session1WebIntroduction (master)
$ cd e/
bash: cd: e/: No such file or directory

Alex Burghiu@UX310UQK MINGW64 /e/WebDev11/Session1WebIntroduction (master)
$ git cd WebDev11/
git: 'cd' is not a git command. See 'git --help'.

The most similar command is
        add

Alex Burghiu@UX310UQK MINGW64 /e/WebDev11/Session1WebIntroduction (master)
$ cd WebDev11
bash: cd: WebDev11: No such file or directory

Alex Burghiu@UX310UQK MINGW64 /e/WebDev11/Session1WebIntroduction (master)
$ cd e
bash: cd: e: No such file or directory

Alex Burghiu@UX310UQK MINGW64 /e/WebDev11/Session1WebIntroduction (master)
$ pwd
/e/WebDev11/Session1WebIntroduction

Alex Burghiu@UX310UQK MINGW64 /e/WebDev11/Session1WebIntroduction (master)
$ ^C

Alex Burghiu@UX310UQK MINGW64 /e/WebDev11/Session1WebIntroduction (master)
$ pwe e/WebDev11/
bash: pwe: command not found

Alex Burghiu@UX310UQK MINGW64 /e/WebDev11/Session1WebIntroduction (master)
$ cd /e

Alex Burghiu@UX310UQK MINGW64 /e
$ cd WebDev11/

Alex Burghiu@UX310UQK MINGW64 /e/WebDev11 (master)
$ mkdir Session2WebDeveloperTools

Alex Burghiu@UX310UQK MINGW64 /e/WebDev11 (master)
$ ls
first.txt  Session1WebIntroduction/  Session2WebDeveloperTools/

Alex Burghiu@UX310UQK MINGW64 /e/WebDev11 (master)
$ ls
first.txt  Session1WebIntroduction/  Session2WebDeveloperTools/

Alex Burghiu@UX310UQK MINGW64 /e/WebDev11 (master)
$ cd Session2WebDeveloperTools/

Alex Burghiu@UX310UQK MINGW64 /e/WebDev11/Session2WebDeveloperTools (master)
$ ls
'Web Developer Tools.pdf'

Alex Burghiu@UX310UQK MINGW64 /e/WebDev11/Session2WebDeveloperTools (master)
$ git commit -m "addlecture2"
On branch master
Your branch is up to date with 'origin/master'.

Untracked files:
  (use "git add <file>..." to include in what will be committed)
        ../Session1WebIntroduction/Web Introduction.pdf
        ./

nothing added to commit but untracked files present (use "git add" to track)

Alex Burghiu@UX310UQK MINGW64 /e/WebDev11/Session2WebDeveloperTools (master)
$ cd Session2/WebDeveloper/Tools/
bash: cd: Session2/WebDeveloper/Tools/: No such file or directory

Alex Burghiu@UX310UQK MINGW64 /e/WebDev11/Session2WebDeveloperTools (master)
$ git add Web\ Developer\ Tools.pdf

Alex Burghiu@UX310UQK MINGW64 /e/WebDev11/Session2WebDeveloperTools (master)
$ git commit -m "lecture2"
[master a202560] lecture2
 1 file changed, 0 insertions(+), 0 deletions(-)
 create mode 100644 Session2WebDeveloperTools/Web Developer Tools.pdf

Alex Burghiu@UX310UQK MINGW64 /e/WebDev11/Session2WebDeveloperTools (master)
$ git push
Enumerating objects: 5, done.
Counting objects: 100% (5/5), done.
Delta compression using up to 4 threads
Compressing objects: 100% (4/4), done.
Writing objects: 100% (4/4), 443.35 KiB | 21.11 MiB/s, done.
Total 4 (delta 0), reused 0 (delta 0), pack-reused 0
To https://github.com/biancastana20/WebDev11.git
   a9f15ff..a202560  master -> master

Alex Burghiu@UX310UQK MINGW64 /e/WebDev11/Session2WebDeveloperTools (master)
$ cd/e
bash: cd/e: No such file or directory

Alex Burghiu@UX310UQK MINGW64 /e/WebDev11/Session2WebDeveloperTools (master)
$ cd Web\ Developer\ Tools.pdf
bash: cd: Web Developer Tools.pdf: Not a directory

Alex Burghiu@UX310UQK MINGW64 /e/WebDev11/Session2WebDeveloperTools (master)
$ cd /e

Alex Burghiu@UX310UQK MINGW64 /e
$ cd WebDev11/

Alex Burghiu@UX310UQK MINGW64 /e/WebDev11 (master)
$ cd Session1WebIntroduction/

Alex Burghiu@UX310UQK MINGW64 /e/WebDev11/Session1WebIntroduction (master)
$ git add Web\ Introduction.pdf

Alex Burghiu@UX310UQK MINGW64 /e/WebDev11/Session1WebIntroduction (master)
$ git commit -m "lecture1"
[master f0a3f4c] lecture1
 1 file changed, 0 insertions(+), 0 deletions(-)
 create mode 100644 Session1WebIntroduction/Web Introduction.pdf

Alex Burghiu@UX310UQK MINGW64 /e/WebDev11/Session1WebIntroduction (master)
$ git push
Enumerating objects: 6, done.
Counting objects: 100% (6/6), done.
Delta compression using up to 4 threads
Compressing objects: 100% (4/4), done.
Writing objects: 100% (4/4), 375.32 KiB | 16.32 MiB/s, done.
Total 4 (delta 0), reused 0 (delta 0), pack-reused 0
To https://github.com/biancastana20/WebDev11.git
   a202560..f0a3f4c  master -> master

Alex Burghiu@UX310UQK MINGW64 /e/WebDev11/Session1WebIntroduction (master)
$ cd /e

Alex Burghiu@UX310UQK MINGW64 /e
$ cd WebDev11/

Alex Burghiu@UX310UQK MINGW64 /e/WebDev11 (master)
$ mkdir Session\ uiui\ 2

Alex Burghiu@UX310UQK MINGW64 /e/WebDev11 (master)
$ rm Session\ uiui\ 2/
rm: cannot remove 'Session uiui 2/': Is a directory

Alex Burghiu@UX310UQK MINGW64 /e/WebDev11 (master)
$ rm Session\ uiui\ 2/
rm: cannot remove 'Session uiui 2/': Is a directory

Alex Burghiu@UX310UQK MINGW64 /e/WebDev11 (master)
$ cd/e
bash: cd/e: No such file or directory

Alex Burghiu@UX310UQK MINGW64 /e/WebDev11 (master)
$ cd /e

Alex Burghiu@UX310UQK MINGW64 /e
$ cd w
bash: cd: w: No such file or directory

Alex Burghiu@UX310UQK MINGW64 /e
$ cd WebDev11/

Alex Burghiu@UX310UQK MINGW64 /e/WebDev11 (master)
$ ls
first.txt  Session1WebIntroduction/  Session2WebDeveloperTools/

Alex Burghiu@UX310UQK MINGW64 /e/WebDev11 (master)
$ mkdir Session3

Alex Burghiu@UX310UQK MINGW64 /e/WebDev11 (master)
$ rm Session3
rm: cannot remove 'Session3': Is a directory

Alex Burghiu@UX310UQK MINGW64 /e/WebDev11 (master)
$ rm -r Session3
rm: cannot remove 'Session3': No such file or directory

Alex Burghiu@UX310UQK MINGW64 /e/WebDev11 (master)
$ rm -r Session

Alex Burghiu@UX310UQK MINGW64 /e/WebDev11 (master)
$ git mv Session1WebIntroduction/ Session1\ Web\ Introduction

Alex Burghiu@UX310UQK MINGW64 /e/WebDev11 (master)
$ git commit -m "changed name"
[master 7a8ef48] changed name
 2 files changed, 0 insertions(+), 0 deletions(-)
 rename {Session1WebIntroduction => Session1 Web Introduction}/Stana_Bianca_Homework1_WWW_lifecycle.pdf (100%)
 rename {Session1WebIntroduction => Session1 Web Introduction}/Web Introduction.pdf (100%)

Alex Burghiu@UX310UQK MINGW64 /e/WebDev11 (master)
$ git push
Enumerating objects: 3, done.
Counting objects: 100% (3/3), done.
Delta compression using up to 4 threads
Compressing objects: 100% (2/2), done.
Writing objects: 100% (2/2), 244 bytes | 244.00 KiB/s, done.
Total 2 (delta 1), reused 0 (delta 0), pack-reused 0
remote: Resolving deltas: 100% (1/1), completed with 1 local object.
To https://github.com/biancastana20/WebDev11.git
   f0a3f4c..7a8ef48  master -> master

Alex Burghiu@UX310UQK MINGW64 /e/WebDev11 (master)
$ cd..
bash: cd..: command not found

Alex Burghiu@UX310UQK MINGW64 /e/WebDev11 (master)
$ cd ..

Alex Burghiu@UX310UQK MINGW64 /e
$ cd we
bash: cd: we: No such file or directory

Alex Burghiu@UX310UQK MINGW64 /e
$ cd WebDev11/

Alex Burghiu@UX310UQK MINGW64 /e/WebDev11 (master)
$ ls
 first.txt  'Session1 Web Introduction'/   Session2WebDeveloperTools/

Alex Burghiu@UX310UQK MINGW64 /e/WebDev11 (master)
$ git mv Session2WebDeveloperTools/ Session2\ Web\ Developer \Tools
fatal: destination 'Tools' is not a directory

Alex Burghiu@UX310UQK MINGW64 /e/WebDev11 (master)
$ git mv Session2WebDeveloperTools/ Session2\ Web\ Developer\ Tools

Alex Burghiu@UX310UQK MINGW64 /e/WebDev11 (master)
$ git mv Session2WebDeveloperTools/ Session2\ Web\ -\ Developer\ Tools
fatal: bad source, source=Session2WebDeveloperTools, destination=Session2 Web - Developer Tools

Alex Burghiu@UX310UQK MINGW64 /e/WebDev11 (master)
$ git mv Session2WebDeveloperTools/ Session2\ Web\ -\ Developer\ Tools
fatal: bad source, source=Session2WebDeveloperTools, destination=Session2 Web - Developer Tools

Alex Burghiu@UX310UQK MINGW64 /e/WebDev11 (master)
$ git commit -m "changed name"
[master 549e9c5] changed name
 1 file changed, 0 insertions(+), 0 deletions(-)
 rename {Session2WebDeveloperTools => Session2 Web Developer Tools}/Web Developer Tools.pdf (100%)

Alex Burghiu@UX310UQK MINGW64 /e/WebDev11 (master)
$ git push
Enumerating objects: 3, done.
Counting objects: 100% (3/3), done.
Delta compression using up to 4 threads
Compressing objects: 100% (2/2), done.
Writing objects: 100% (2/2), 243 bytes | 243.00 KiB/s, done.
Total 2 (delta 1), reused 0 (delta 0), pack-reused 0
remote: Resolving deltas: 100% (1/1), completed with 1 local object.
To https://github.com/biancastana20/WebDev11.git
   7a8ef48..549e9c5  master -> master

Alex Burghiu@UX310UQK MINGW64 /e/WebDev11 (master)
$ touch index.html

Alex Burghiu@UX310UQK MINGW64 /e/WebDev11 (master)
$ rm index.html

Alex Burghiu@UX310UQK MINGW64 /e/WebDev11 (master)
$ add index.html
bash: add: command not found

Alex Burghiu@UX310UQK MINGW64 /e/WebDev11 (master)
$ git add index.html
fatal: pathspec 'index.html' did not match any files

Alex Burghiu@UX310UQK MINGW64 /e/WebDev11 (master)
$ rm first.txt

Alex Burghiu@UX310UQK MINGW64 /e/WebDev11 (master)
$ git push
Everything up-to-date

Alex Burghiu@UX310UQK MINGW64 /e/WebDev11 (master)
$ cd /e

Alex Burghiu@UX310UQK MINGW64 /e
$ ls
'$RECYCLE.BIN'/   bianca/   desktop/  'System Volume Information'/   WebDev11/

Alex Burghiu@UX310UQK MINGW64 /e
$ ^C

Alex Burghiu@UX310UQK MINGW64 /e
$
